// Jest Snapshot v1, https://goo.gl/fbAQLP

exports[`CreatePosts renders without errors 1`] = `
{
  "asFragment": [Function],
  "baseElement": <body>
    <div>
      <header
        class="sc-beqWNU boLFlS"
      >
        <span
          class="sc-gueXAH dbBicJ"
        >
          Hello 
        </span>
        <div />
        <div
          class="sc-dmqGRC jNxXzf"
        >
          <a
            class="sc-hLseSp eSJDNf"
            href="/"
          >
            Home
          </a>
          <a
            class="sc-hLseSp eSJDNf"
            href="/sign-in"
          >
            Sign In
          </a>
        </div>
      </header>
      <div
        class="sc-jTrOVX cicrdZ"
      >
        <div
          class="sc-gLDymS bGitmd"
        >
          <form
            autocomplete="off"
            class="ant-form ant-form-horizontal css-dev-only-do-not-override-1okl62o"
            id="basic"
            style="max-width: 600px;"
          >
            <div
              class="ant-form-item css-dev-only-do-not-override-1okl62o"
            >
              <div
                class="ant-row ant-form-item-row css-dev-only-do-not-override-1okl62o"
              >
                <div
                  class="ant-col ant-col-8 ant-form-item-label css-dev-only-do-not-override-1okl62o"
                >
                  <label
                    class="ant-form-item-required"
                    for="basic_name"
                    title="Username"
                  >
                    Username
                  </label>
                </div>
                <div
                  class="ant-col ant-col-16 ant-form-item-control css-dev-only-do-not-override-1okl62o"
                >
                  <div
                    class="ant-form-item-control-input"
                  >
                    <div
                      class="ant-form-item-control-input-content"
                    >
                      <input
                        aria-required="true"
                        class="ant-input css-dev-only-do-not-override-1okl62o ant-input-outlined"
                        id="basic_name"
                        type="text"
                        value=""
                      />
                    </div>
                  </div>
                </div>
              </div>
            </div>
            <div
              class="ant-form-item css-dev-only-do-not-override-1okl62o"
            >
              <div
                class="ant-row ant-form-item-row css-dev-only-do-not-override-1okl62o"
              >
                <div
                  class="ant-col ant-col-8 ant-form-item-label css-dev-only-do-not-override-1okl62o"
                >
                  <label
                    class="ant-form-item-required"
                    for="basic_desc"
                    title="Description"
                  >
                    Description
                  </label>
                </div>
                <div
                  class="ant-col ant-col-16 ant-form-item-control css-dev-only-do-not-override-1okl62o"
                >
                  <div
                    class="ant-form-item-control-input"
                  >
                    <div
                      class="ant-form-item-control-input-content"
                    >
                      <input
                        aria-required="true"
                        class="ant-input css-dev-only-do-not-override-1okl62o ant-input-outlined"
                        id="basic_desc"
                        type="text"
                        value=""
                      />
                    </div>
                  </div>
                </div>
              </div>
            </div>
            <div
              class="ant-form-item css-dev-only-do-not-override-1okl62o"
            >
              <div
                class="ant-row ant-form-item-row css-dev-only-do-not-override-1okl62o"
              >
                <div
                  class="ant-col ant-col-16 ant-col-offset-8 ant-form-item-control css-dev-only-do-not-override-1okl62o"
                >
                  <div
                    class="ant-form-item-control-input"
                  >
                    <div
                      class="ant-form-item-control-input-content"
                    >
                      <button
                        class="ant-btn css-dev-only-do-not-override-1okl62o ant-btn-primary"
                        type="submit"
                      >
                        <span>
                          Submit
                        </span>
                      </button>
                    </div>
                  </div>
                </div>
              </div>
            </div>
          </form>
        </div>
      </div>
    </div>
  </body>,
  "container": <div>
    <header
      class="sc-beqWNU boLFlS"
    >
      <span
        class="sc-gueXAH dbBicJ"
      >
        Hello 
      </span>
      <div />
      <div
        class="sc-dmqGRC jNxXzf"
      >
        <a
          class="sc-hLseSp eSJDNf"
          href="/"
        >
          Home
        </a>
        <a
          class="sc-hLseSp eSJDNf"
          href="/sign-in"
        >
          Sign In
        </a>
      </div>
    </header>
    <div
      class="sc-jTrOVX cicrdZ"
    >
      <div
        class="sc-gLDymS bGitmd"
      >
        <form
          autocomplete="off"
          class="ant-form ant-form-horizontal css-dev-only-do-not-override-1okl62o"
          id="basic"
          style="max-width: 600px;"
        >
          <div
            class="ant-form-item css-dev-only-do-not-override-1okl62o"
          >
            <div
              class="ant-row ant-form-item-row css-dev-only-do-not-override-1okl62o"
            >
              <div
                class="ant-col ant-col-8 ant-form-item-label css-dev-only-do-not-override-1okl62o"
              >
                <label
                  class="ant-form-item-required"
                  for="basic_name"
                  title="Username"
                >
                  Username
                </label>
              </div>
              <div
                class="ant-col ant-col-16 ant-form-item-control css-dev-only-do-not-override-1okl62o"
              >
                <div
                  class="ant-form-item-control-input"
                >
                  <div
                    class="ant-form-item-control-input-content"
                  >
                    <input
                      aria-required="true"
                      class="ant-input css-dev-only-do-not-override-1okl62o ant-input-outlined"
                      id="basic_name"
                      type="text"
                      value=""
                    />
                  </div>
                </div>
              </div>
            </div>
          </div>
          <div
            class="ant-form-item css-dev-only-do-not-override-1okl62o"
          >
            <div
              class="ant-row ant-form-item-row css-dev-only-do-not-override-1okl62o"
            >
              <div
                class="ant-col ant-col-8 ant-form-item-label css-dev-only-do-not-override-1okl62o"
              >
                <label
                  class="ant-form-item-required"
                  for="basic_desc"
                  title="Description"
                >
                  Description
                </label>
              </div>
              <div
                class="ant-col ant-col-16 ant-form-item-control css-dev-only-do-not-override-1okl62o"
              >
                <div
                  class="ant-form-item-control-input"
                >
                  <div
                    class="ant-form-item-control-input-content"
                  >
                    <input
                      aria-required="true"
                      class="ant-input css-dev-only-do-not-override-1okl62o ant-input-outlined"
                      id="basic_desc"
                      type="text"
                      value=""
                    />
                  </div>
                </div>
              </div>
            </div>
          </div>
          <div
            class="ant-form-item css-dev-only-do-not-override-1okl62o"
          >
            <div
              class="ant-row ant-form-item-row css-dev-only-do-not-override-1okl62o"
            >
              <div
                class="ant-col ant-col-16 ant-col-offset-8 ant-form-item-control css-dev-only-do-not-override-1okl62o"
              >
                <div
                  class="ant-form-item-control-input"
                >
                  <div
                    class="ant-form-item-control-input-content"
                  >
                    <button
                      class="ant-btn css-dev-only-do-not-override-1okl62o ant-btn-primary"
                      type="submit"
                    >
                      <span>
                        Submit
                      </span>
                    </button>
                  </div>
                </div>
              </div>
            </div>
          </div>
        </form>
      </div>
    </div>
  </div>,
  "debug": [Function],
  "findAllByAltText": [Function],
  "findAllByDisplayValue": [Function],
  "findAllByLabelText": [Function],
  "findAllByPlaceholderText": [Function],
  "findAllByRole": [Function],
  "findAllByTestId": [Function],
  "findAllByText": [Function],
  "findAllByTitle": [Function],
  "findByAltText": [Function],
  "findByDisplayValue": [Function],
  "findByLabelText": [Function],
  "findByPlaceholderText": [Function],
  "findByRole": [Function],
  "findByTestId": [Function],
  "findByText": [Function],
  "findByTitle": [Function],
  "getAllByAltText": [Function],
  "getAllByDisplayValue": [Function],
  "getAllByLabelText": [Function],
  "getAllByPlaceholderText": [Function],
  "getAllByRole": [Function],
  "getAllByTestId": [Function],
  "getAllByText": [Function],
  "getAllByTitle": [Function],
  "getByAltText": [Function],
  "getByDisplayValue": [Function],
  "getByLabelText": [Function],
  "getByPlaceholderText": [Function],
  "getByRole": [Function],
  "getByTestId": [Function],
  "getByText": [Function],
  "getByTitle": [Function],
  "queryAllByAltText": [Function],
  "queryAllByDisplayValue": [Function],
  "queryAllByLabelText": [Function],
  "queryAllByPlaceholderText": [Function],
  "queryAllByRole": [Function],
  "queryAllByTestId": [Function],
  "queryAllByText": [Function],
  "queryAllByTitle": [Function],
  "queryByAltText": [Function],
  "queryByDisplayValue": [Function],
  "queryByLabelText": [Function],
  "queryByPlaceholderText": [Function],
  "queryByRole": [Function],
  "queryByTestId": [Function],
  "queryByText": [Function],
  "queryByTitle": [Function],
  "rerender": [Function],
  "unmount": [Function],
}
`;
