// Jest Snapshot v1, https://goo.gl/fbAQLP

exports[`PaginationComponent renders correctly with default props 1`] = `
{
  "asFragment": [Function],
  "baseElement": <body>
    <div>
      <div
        class="sc-qRuZU gmucBJ"
        data-testid="pagination-component"
      >
        <div
          align="space-between"
          class="sc-jsMaUZ dKTrZm"
        >
          <div
            class="sc-kFuvnu iOKxMI"
          >
            <div>
              Show 
            </div>
            <div
              class="sc-beqWNU gbqjiq"
            >
              <select
                class="sc-gueXAH fwRQqY"
              >
                <option
                  class="sc-dmqGRC"
                  value="5"
                >
                  5
                </option>
                <option
                  class="sc-dmqGRC"
                  value="10"
                >
                  10
                </option>
                <option
                  class="sc-dmqGRC"
                  value="20"
                >
                  20
                </option>
              </select>
              <div
                class="sc-hLseSp eewNXK"
              >
                &gt;
              </div>
            </div>
          </div>
          <div
            class="sc-eDDOjk hzWDLl"
            margin="0 0 10px 0"
          >
            <button
              class="sc-iAEzLF gRRRHm"
              disabled=""
            >
              <div
                class="sc-fsQjcA iKmgdh"
                disabled=""
              >
                &lt;
              </div>
            </button>
            <button
              btnbackgroundcolor="#ffffff"
              class="sc-jTrOVX kwSTpv"
            >
              <div
                class="sc-gLDymS jVaaBL"
                color="#000000"
              >
                1
              </div>
            </button>
            <button
              btnbackgroundcolor="#ffffff"
              class="sc-jTrOVX cLKghP"
            >
              <div
                class="sc-gLDymS TLaLT"
                color="#000000"
              >
                2
              </div>
            </button>
            <button
              class="sc-iAEzLF gRRRHm"
            >
              <div
                class="sc-fsQjcA hFwLtP"
              >
                &gt;
              </div>
            </button>
          </div>
        </div>
        <div
          class="sc-irTrJD OpjW"
        />
        <div
          align="flex-end"
          class="sc-jsMaUZ gtIvBc"
        >
          <div
            class="sc-eDDOjk hzWDLl"
            margin="10px 0 0 0"
          >
            <button
              class="sc-iAEzLF gRRRHm"
              disabled=""
            >
              <div
                class="sc-fsQjcA iKmgdh"
                disabled=""
              >
                &lt;
              </div>
            </button>
            <button
              btnbackgroundcolor="#ffffff"
              class="sc-jTrOVX kwSTpv"
            >
              <div
                class="sc-gLDymS jVaaBL"
                color="#000000"
              >
                1
              </div>
            </button>
            <button
              btnbackgroundcolor="#ffffff"
              class="sc-jTrOVX cLKghP"
            >
              <div
                class="sc-gLDymS TLaLT"
                color="#000000"
              >
                2
              </div>
            </button>
            <button
              class="sc-iAEzLF gRRRHm"
            >
              <div
                class="sc-fsQjcA hFwLtP"
              >
                &gt;
              </div>
            </button>
          </div>
        </div>
      </div>
    </div>
  </body>,
  "container": <div>
    <div
      class="sc-qRuZU gmucBJ"
      data-testid="pagination-component"
    >
      <div
        align="space-between"
        class="sc-jsMaUZ dKTrZm"
      >
        <div
          class="sc-kFuvnu iOKxMI"
        >
          <div>
            Show 
          </div>
          <div
            class="sc-beqWNU gbqjiq"
          >
            <select
              class="sc-gueXAH fwRQqY"
            >
              <option
                class="sc-dmqGRC"
                value="5"
              >
                5
              </option>
              <option
                class="sc-dmqGRC"
                value="10"
              >
                10
              </option>
              <option
                class="sc-dmqGRC"
                value="20"
              >
                20
              </option>
            </select>
            <div
              class="sc-hLseSp eewNXK"
            >
              &gt;
            </div>
          </div>
        </div>
        <div
          class="sc-eDDOjk hzWDLl"
          margin="0 0 10px 0"
        >
          <button
            class="sc-iAEzLF gRRRHm"
            disabled=""
          >
            <div
              class="sc-fsQjcA iKmgdh"
              disabled=""
            >
              &lt;
            </div>
          </button>
          <button
            btnbackgroundcolor="#ffffff"
            class="sc-jTrOVX kwSTpv"
          >
            <div
              class="sc-gLDymS jVaaBL"
              color="#000000"
            >
              1
            </div>
          </button>
          <button
            btnbackgroundcolor="#ffffff"
            class="sc-jTrOVX cLKghP"
          >
            <div
              class="sc-gLDymS TLaLT"
              color="#000000"
            >
              2
            </div>
          </button>
          <button
            class="sc-iAEzLF gRRRHm"
          >
            <div
              class="sc-fsQjcA hFwLtP"
            >
              &gt;
            </div>
          </button>
        </div>
      </div>
      <div
        class="sc-irTrJD OpjW"
      />
      <div
        align="flex-end"
        class="sc-jsMaUZ gtIvBc"
      >
        <div
          class="sc-eDDOjk hzWDLl"
          margin="10px 0 0 0"
        >
          <button
            class="sc-iAEzLF gRRRHm"
            disabled=""
          >
            <div
              class="sc-fsQjcA iKmgdh"
              disabled=""
            >
              &lt;
            </div>
          </button>
          <button
            btnbackgroundcolor="#ffffff"
            class="sc-jTrOVX kwSTpv"
          >
            <div
              class="sc-gLDymS jVaaBL"
              color="#000000"
            >
              1
            </div>
          </button>
          <button
            btnbackgroundcolor="#ffffff"
            class="sc-jTrOVX cLKghP"
          >
            <div
              class="sc-gLDymS TLaLT"
              color="#000000"
            >
              2
            </div>
          </button>
          <button
            class="sc-iAEzLF gRRRHm"
          >
            <div
              class="sc-fsQjcA hFwLtP"
            >
              &gt;
            </div>
          </button>
        </div>
      </div>
    </div>
  </div>,
  "debug": [Function],
  "findAllByAltText": [Function],
  "findAllByDisplayValue": [Function],
  "findAllByLabelText": [Function],
  "findAllByPlaceholderText": [Function],
  "findAllByRole": [Function],
  "findAllByTestId": [Function],
  "findAllByText": [Function],
  "findAllByTitle": [Function],
  "findByAltText": [Function],
  "findByDisplayValue": [Function],
  "findByLabelText": [Function],
  "findByPlaceholderText": [Function],
  "findByRole": [Function],
  "findByTestId": [Function],
  "findByText": [Function],
  "findByTitle": [Function],
  "getAllByAltText": [Function],
  "getAllByDisplayValue": [Function],
  "getAllByLabelText": [Function],
  "getAllByPlaceholderText": [Function],
  "getAllByRole": [Function],
  "getAllByTestId": [Function],
  "getAllByText": [Function],
  "getAllByTitle": [Function],
  "getByAltText": [Function],
  "getByDisplayValue": [Function],
  "getByLabelText": [Function],
  "getByPlaceholderText": [Function],
  "getByRole": [Function],
  "getByTestId": [Function],
  "getByText": [Function],
  "getByTitle": [Function],
  "queryAllByAltText": [Function],
  "queryAllByDisplayValue": [Function],
  "queryAllByLabelText": [Function],
  "queryAllByPlaceholderText": [Function],
  "queryAllByRole": [Function],
  "queryAllByTestId": [Function],
  "queryAllByText": [Function],
  "queryAllByTitle": [Function],
  "queryByAltText": [Function],
  "queryByDisplayValue": [Function],
  "queryByLabelText": [Function],
  "queryByPlaceholderText": [Function],
  "queryByRole": [Function],
  "queryByTestId": [Function],
  "queryByText": [Function],
  "queryByTitle": [Function],
  "rerender": [Function],
  "unmount": [Function],
}
`;
