// Jest Snapshot v1, https://goo.gl/fbAQLP

exports[`PostItem renders the post name and description 1`] = `
{
  "asFragment": [Function],
  "baseElement": <body>
    <div>
      <div
        class="sc-beqWNU eEsbyz"
      >
        <div
          class="ant-card ant-card-bordered ant-card-hoverable css-dev-only-do-not-override-1okl62o"
          style="width: 240px;"
        >
          <div
            class="ant-card-cover"
          >
            <img
              alt="example"
              data-nimg="1"
              decoding="async"
              height="240"
              loading="lazy"
              src="/_next/image?url=https%3A%2F%2Fexample.com%2Fimage.jpg&w=640&q=75"
              srcset="/_next/image?url=https%3A%2F%2Fexample.com%2Fimage.jpg&w=256&q=75 1x, /_next/image?url=https%3A%2F%2Fexample.com%2Fimage.jpg&w=640&q=75 2x"
              style="color: transparent;"
              width="240"
            />
          </div>
          <div
            class="ant-card-body"
          >
            <div
              class="ant-card-meta"
            >
              <div
                class="ant-card-meta-detail"
              >
                <div
                  class="ant-card-meta-title"
                >
                  Test Post
                </div>
                <div
                  class="ant-card-meta-description"
                >
                  Lorem ipsum
                </div>
              </div>
            </div>
          </div>
        </div>
      </div>
    </div>
  </body>,
  "container": <div>
    <div
      class="sc-beqWNU eEsbyz"
    >
      <div
        class="ant-card ant-card-bordered ant-card-hoverable css-dev-only-do-not-override-1okl62o"
        style="width: 240px;"
      >
        <div
          class="ant-card-cover"
        >
          <img
            alt="example"
            data-nimg="1"
            decoding="async"
            height="240"
            loading="lazy"
            src="/_next/image?url=https%3A%2F%2Fexample.com%2Fimage.jpg&w=640&q=75"
            srcset="/_next/image?url=https%3A%2F%2Fexample.com%2Fimage.jpg&w=256&q=75 1x, /_next/image?url=https%3A%2F%2Fexample.com%2Fimage.jpg&w=640&q=75 2x"
            style="color: transparent;"
            width="240"
          />
        </div>
        <div
          class="ant-card-body"
        >
          <div
            class="ant-card-meta"
          >
            <div
              class="ant-card-meta-detail"
            >
              <div
                class="ant-card-meta-title"
              >
                Test Post
              </div>
              <div
                class="ant-card-meta-description"
              >
                Lorem ipsum
              </div>
            </div>
          </div>
        </div>
      </div>
    </div>
  </div>,
  "debug": [Function],
  "findAllByAltText": [Function],
  "findAllByDisplayValue": [Function],
  "findAllByLabelText": [Function],
  "findAllByPlaceholderText": [Function],
  "findAllByRole": [Function],
  "findAllByTestId": [Function],
  "findAllByText": [Function],
  "findAllByTitle": [Function],
  "findByAltText": [Function],
  "findByDisplayValue": [Function],
  "findByLabelText": [Function],
  "findByPlaceholderText": [Function],
  "findByRole": [Function],
  "findByTestId": [Function],
  "findByText": [Function],
  "findByTitle": [Function],
  "getAllByAltText": [Function],
  "getAllByDisplayValue": [Function],
  "getAllByLabelText": [Function],
  "getAllByPlaceholderText": [Function],
  "getAllByRole": [Function],
  "getAllByTestId": [Function],
  "getAllByText": [Function],
  "getAllByTitle": [Function],
  "getByAltText": [Function],
  "getByDisplayValue": [Function],
  "getByLabelText": [Function],
  "getByPlaceholderText": [Function],
  "getByRole": [Function],
  "getByTestId": [Function],
  "getByText": [Function],
  "getByTitle": [Function],
  "queryAllByAltText": [Function],
  "queryAllByDisplayValue": [Function],
  "queryAllByLabelText": [Function],
  "queryAllByPlaceholderText": [Function],
  "queryAllByRole": [Function],
  "queryAllByTestId": [Function],
  "queryAllByText": [Function],
  "queryAllByTitle": [Function],
  "queryByAltText": [Function],
  "queryByDisplayValue": [Function],
  "queryByLabelText": [Function],
  "queryByPlaceholderText": [Function],
  "queryByRole": [Function],
  "queryByTestId": [Function],
  "queryByText": [Function],
  "queryByTitle": [Function],
  "rerender": [Function],
  "unmount": [Function],
}
`;
